[generous-topic-543890.framer.app/index.html]
[backblue.gif]
[fade.gif]
[index.html]
[framerusercontent.com/images/aFAug1KzI1XOKQlDjNodn7eA3Y.jpg]
[framerusercontent.com/images/rLGYhsK7iMKsgDi0LJP3tZZxvZQ8a07.png]
[generous-topic-543890.framer.app/contact.html]
[framerusercontent.com/images/kvIwxBEXQFpqbHHw4Lm8HYzg3Yce1f4.png]
[framerusercontent.com/images/VLDBMmnGgk2Z85Qin16pqAYR6FI2ee9.png]
[framerusercontent.com/images/ZmjjkCrbQkc3QQhhsSBV2UA30af83.png]
[framerusercontent.com/images/foY4w3uanQAjqTOUPvoTWeysIyMbcde.png]
[framerusercontent.com/images/zaHW4wQv3ndGRqXPY7czgxXu4s866a.png]
[framerusercontent.com/images/QnopxkbXtjnzhK4boOIPTqmbUE699c.png]
[framerusercontent.com/images/xWZZLYPqVy9je4YqhEi2QxqOnAef9c.png]
[generous-topic-543890.framer.app/product.html]
[generous-topic-543890.framer.app/about.html]
[generous-topic-543890.framer.app/404.c.delayed]
[generous-topic-543890.framer.app/index.html]
[generous-topic-543890.framer.app/contact.html]
[framerusercontent.com/images/PSKqjpc6FfuR0lsxCxFUMhqTOwE270c.png]
[framerusercontent.com/images/7ulwwTQdpcCYxz517Yu6SQQYoA10a9.png]
[framerusercontent.com/images/2QxlVTnmTt9Svj8QSZfdqYzEoxU0bf9.png]
[framerusercontent.com/images/kAo4aMK8x71HKV3Wft4ehOGztEe20c.png]
[generous-topic-543890.framer.app/product.html]
[framerusercontent.com/images/3zTlCbZa07nJD4vwXDJlHJpJRE98cd.jpg]
[framerusercontent.com/images/1Dy88Euh06uaAt2nNar8JUGU4af7e.png]
[framerusercontent.com/images/Y4LtWqEAe3ujz5a2p5A3TFhMrSEa1b0.png]
[generous-topic-543890.framer.app/about.html]
[generous-topic-543890.framer.app/404.html]
